[presidentmaga.xyz/index.html]
[backblue.gif]
[fade.gif]
[index.html]
[assets.zyrosite.com/cdn-cgi/image/format=auto,w=48,h=48,fit=crop,f=png/YBgrjM4VQJs4vq9O/trumpmaga-A0xw96aZeqfleOz6.png]
[presidentmaga.xyz/_astro-1730908775362/_slug_.cJin-W40.css]
[presidentmaga.xyz/t]
[presidentmaga.xyz/_/payload.js/___/script_/n]
[assets.zyrosite.com/cdn-cgi/image/format=auto,w=69,h=65,fit=crop/YBgrjM4VQJs4vq9O/trumpmaga-mePvQqMoB7i21xPB.png]
[assets.zyrosite.com/cdn-cgi/image/format=auto,w=328,h=320,fit=crop/YBgrjM4VQJs4vq9O/trumpmaga-mePvQqMoB7i21xPB.png]
[assets.zyrosite.com/cdn-cgi/image/format=auto,w=514,h=358,fit=crop/YBgrjM4VQJs4vq9O/meme4-m7Vw9QlPk4UqpnXq.jpg]
[assets.zyrosite.com/cdn-cgi/image/format=auto,w=328,h=320,fit=crop/YBgrjM4VQJs4vq9O/meme4-m7Vw9QlPk4UqpnXq.jpg]
[presidentmaga.xyz/_/payload.js/___/script__],_customHeadElements__[0,__],_isPrivateModeActive__[0,false],_demoEcommerceStoreId__[0,_demo_01G0E9P2R0CFTNBWEEFCEV8EG5_],_shouldAddWWWPrefixToDomain__[0,false]}],_domain__[0,_pres]
[assets.zyrosite.com/cdn-cgi/image/format=auto,w=354,h=236,fit=crop/YBgrjM4VQJs4vq9O/gszv4hzxaaal_ef_80a-AwvMbqGEBEUp44am.jpg]
[assets.zyrosite.com/cdn-cgi/image/format=auto,w=328,h=320,fit=crop/YBgrjM4VQJs4vq9O/gszv4hzxaaal_ef_80a-AwvMbqGEBEUp44am.jpg]
[assets.zyrosite.com/cdn-cgi/image/format=auto,w=583,h=388,fit=crop/YBgrjM4VQJs4vq9O/meme1-dJo6WDoPDVsGO0Q2.jpg]
[assets.zyrosite.com/cdn-cgi/image/format=auto,w=328,h=320,fit=crop/YBgrjM4VQJs4vq9O/meme1-dJo6WDoPDVsGO0Q2.jpg]
[presidentmaga.xyz/payload.js]
[presidentmaga.xyz/index.html]
[presidentmaga.xyz/_astro-1730908775362/_slug_.cJin-W40.css]
[presidentmaga.xyz/t.html]
[presidentmaga.xyz/_/payload.js/___/script_/n.html]
[presidentmaga.xyz/_/payload.js/___/script__],_customHeadElements__[0,__],_isPrivateModeActive__[0,false],_demoEcommerceStoreId__[0,_demo_01G0E9P2R0CFTNBWEEFCEV8EG5_],_shouldAddWWWPrefixToDomain__[0,false]}],_domain__[0,_pres]
[presidentmaga.xyz/_/payload.js/___/script__],_customHeadElements__[0,__],_isPrivateModeActive__[0,false],_demoEcommerceStoreId__[0,_demo_01G0E9P2R0CFTNBWEEFCEV8EG5_],_shouldAddWWWPrefixToDomain__[0,false]}],_forms__[0,{_Cont]
[presidentmaga.xyz/_/payload.js/___/script__],_customHeadElements__[0,__],_isPrivateModeActive__[0,false],_demoEcommerceStoreId__[0,_demo_01G0E9P2R0CFTNBWEEFCEV8EG5_],_shouldAddWWWPrefixToDomain__[0,false]}],_data-astro-cid-y]
[presidentmaga.xyz/_.10.delayed]
[presidentmaga.xyz/_/index.html]
[presidentmaga.xyz/_/payload.js/___/script__],_customHeadElements__[0,__],_isPrivateModeActive__[0,false],_demoEcommerceStoreId__[0,_demo_01G0E9P2R0CFTNBWEEFCEV8EG5_],_shouldAddWWWPrefixToDomain__[0,false]}],_forms__[0,{_Cont]
[presidentmaga.xyz/_/payload.js/___/script__],_customHeadElements__[0,__],_isPrivateModeActive__[0,false],_demoEcommerceStoreId__[0,_demo_01G0E9P2R0CFTNBWEEFCEV8EG5_],_shouldAddWWWPrefixToDomain__[0,false]}],_data-astro-cid-y]
[presidentmaga.xyz/payload.html]
[presidentmaga.xyz/_.html]
